<?xml version="1.0" encoding="UTF-8"?>
<testsuites name="Jest Tests" tests="3" failures="0" errors="0" time="3.395">
  <testsuite name="Utils" errors="0" failures="0" skipped="0" timestamp="2022-04-30T12:43:53" time="2.264" tests="3">
    <testcase classname="Utils toBigNumber should return null if value = null &amp; nullable = true" name="Utils toBigNumber should return null if value = null &amp; nullable = true" time="0.003">
    </testcase>
    <testcase classname="Utils toBigNumber should return BigNumber if value is not null &amp; nullable = true" name="Utils toBigNumber should return BigNumber if value is not null &amp; nullable = true" time="0.001">
    </testcase>
    <testcase classname="Utils toBigNumber should return BigNumber if nullable is omitted" name="Utils toBigNumber should return BigNumber if nullable is omitted" time="0.001">
    </testcase>
  </testsuite>
</testsuites>